exports[`test Albums renders correctly 1`] = `
<div>
  Carregando ... 
</div>
`;
